// AuthorBooksTable.ts :
/**
 * DO NOT EDIT:
 *
 * This file has been auto-generated from database schema using ts-sql-codegen.
 * Any changes will be overwritten.
 */
import { View } from "ts-sql-query/View";
import type { DBConnection } from "../helpers/connection-source";
import {
    Genre,
} from "../helpers/types";

class AuthorBooksTable extends View<DBConnection, 'AuthorBooksTable'> {
    id = this.optionalColumn('id', 'uuid');
    name = this.optionalColumn('name', 'string');
    authorId = this.optionalColumn('author_id', 'int');
    releasedAt = this.optionalColumn('released_at', 'localDate');
    timeToRead = this.optionalColumn('time_to_read', 'int');
    genre = this.optionalColumn<Genre>('genre', 'enum', 'genre');
    weightGrams = this.optionalColumn('weight_grams', 'double');
    authorName = this.optionalColumn('author_name', 'string');

    constructor() {
        super('author_books');
    }
}

export const tAuthorBooks = new AuthorBooksTable();



// AuthorsTable.ts :
/**
 * DO NOT EDIT:
 *
 * This file has been auto-generated from database schema using ts-sql-codegen.
 * Any changes will be overwritten.
 */
import { Table } from "ts-sql-query/Table";
import type { DBConnection } from "../helpers/connection-source";

class AuthorsTable extends Table<DBConnection, 'AuthorsTable'> {
    id = this.primaryKey('id', 'int');
    name = this.optionalColumn('name', 'string');
    dob = this.optionalColumn('dob', 'localDate');
    createdAt = this.columnWithDefaultValue('created_at', 'localDateTime');
    updatedAt = this.columnWithDefaultValue('updated_at', 'localDateTime');

    constructor() {
        super('authors');
    }
}

export const tAuthors = new AuthorsTable();



// BooksTable.ts :
/**
 * DO NOT EDIT:
 *
 * This file has been auto-generated from database schema using ts-sql-codegen.
 * Any changes will be overwritten.
 */
import { Table } from "ts-sql-query/Table";
import type { DBConnection } from "../helpers/connection-source";
import {
    Genre,
} from "../helpers/types";

class BooksTable extends Table<DBConnection, 'BooksTable'> {
    id = this.autogeneratedPrimaryKey('id', 'uuid');
    name = this.column('name', 'string');
    authorId = this.column('author_id', 'int');
    releasedAt = this.optionalColumn('released_at', 'localDate');
    timeToRead = this.optionalColumn('time_to_read', 'int');
    genre = this.optionalColumn<Genre>('genre', 'enum', 'genre');
    /**
     * Sample weight as provided by distributor
     */
    weightGrams = this.optionalColumn('weight_grams', 'double');

    constructor() {
        super('books');
    }
}

export const tBooks = new BooksTable();



// ChaptersTable.ts :
/**
 * DO NOT EDIT:
 *
 * This file has been auto-generated from database schema using ts-sql-codegen.
 * Any changes will be overwritten.
 */
import { Table } from "ts-sql-query/Table";
import type { DBConnection } from "../helpers/connection-source";
import {
    ChapterMetadataAdapter,
} from "../helpers/adapters";
import {
    ChapterMetadata,
} from "../helpers/types";

/**
 * Chapters information is only available for books with parseable metadata; Consumers should not assume completeness.
 */
class ChaptersTable extends Table<DBConnection, 'ChaptersTable'> {
    id = this.autogeneratedPrimaryKey('id', 'int');
    name = this.column('name', 'string');
    bookId = this.column('book_id', 'uuid');
    metadata = this.optionalColumn<ChapterMetadata>('metadata', 'custom', 'jsonb', ChapterMetadataAdapter);
    title = this.optionalColumn('title', 'string');
    description = this.optionalColumn('description', 'string');

    constructor() {
        super('chapters');
    }
}

export const tChapters = new ChaptersTable();

