// AuthorsTable.ts :
/**
 * DO NOT EDIT:
 *
 * This file has been auto-generated from database schema using ts-sql-codegen.
 * Any changes will be overwritten.
 */
import { Table } from "ts-sql-query/Table";
import type { DBConnection } from "../helpers/connection-source";

export class AuthorsTable extends Table<DBConnection, 'PublicAuthorsTable'> {
    id = this.primaryKey('id', 'int');
    dob = this.optionalColumn('dob', 'localDate');
    createdAt = this.columnWithDefaultValue('created_at', 'localDateTime');
    updatedAt = this.columnWithDefaultValue('updated_at', 'localDateTime');

    constructor() {
        super('authors');
    }
}




// BooksTable.ts :
/**
 * DO NOT EDIT:
 *
 * This file has been auto-generated from database schema using ts-sql-codegen.
 * Any changes will be overwritten.
 */
import { Table } from "ts-sql-query/Table";
import type { DBConnection } from "../helpers/connection-source";
import {
    Genre,
} from "../helpers/types";

export class BooksTable extends Table<DBConnection, 'PublicBooksTable'> {
    id = this.autogeneratedPrimaryKey('id', 'uuid');
    name = this.column('name', 'string');
    authorId = this.column('author_id', 'int');
    releasedAt = this.optionalColumn('released_at', 'localDate');
    readTime = this.optionalColumn('time_to_read', 'int');
    genre = this.optionalColumn<Genre>('genre', 'enum', 'genre');
    /**
     * Sample weight as provided by distributor
     */
    weightGrams = this.optionalColumn('weight_grams', 'double');

    constructor() {
        super('books');
    }
}


